--- Testing Venue Priority Logic ---
User logged in. Token length: 215
Direccion logged in. Token length: 221
User created event status: 409 { message: 'El recinto ya se encuentra reservado en esas fechas.' }
Direccion created event status: 201 {
  id: '1772580686131',
  titulo: 'Direccion Event override',
  descripcion: 'desc',
  fecha_inicio: '2026-04-01T10:00:00.000Z',
  fecha_fin: '2026-04-01T12:00:00.000Z',
  requisitos_tecnicos: { audio: 'none' },
  user_id: '1772576298823',
  venue_id: 1
}
User event status now: undefined
User second attempt status: 409 { message: 'El recinto ya se encuentra reservado en esas fechas.' }
